[ntechglobalsolutions.in/ows/index.html]
[backblue.gif]
[fade.gif]
[index.html]
[ntechglobalsolutions.in/ows/css/style.css]
[maxcdn.bootstrapcdn.com/bootstrap/3.4.1/css/bootstrap.min.css]
[cdnjs.cloudflare.com/ajax/libs/animate.css/3.7.0/animate.min.css]
[ajax.googleapis.com/ajax/libs/jquery/3.5.1/jquery.min.js]
[ntechglobalsolutions.in/ows/images/logo.png]
[cdnjs.cloudflare.com/ajax/libs/font-awesome/4.7.0/css/font-awesome.min.css]
[maxcdn.bootstrapcdn.com/bootstrap/3.4.0/js/bootstrap.min.js]
[cdnjs.cloudflare.com/ajax/libs/wow/1.1.2/wow.min.js]
[ntechglobalsolutions.in/ows/js/numscroller-1.0.js]
[ntechglobalsolutions.in/ows/images/ARF_Slider.jpg]
[ntechglobalsolutions.in/ows/images/logo_1.png]
[ntechglobalsolutions.in/ows/index-2.html]
[ntechglobalsolutions.in/ows/images/about.png]
[ntechglobalsolutions.in/ows/images/industry/agri.jpg]
[ntechglobalsolutions.in/ows/images/industry/automotive.jpg]
[ntechglobalsolutions.in/ows/images/industry/aviation.jpg]
[ntechglobalsolutions.in/ows/images/industry/ecom.jpg]
[ntechglobalsolutions.in/ows/images/industry/education.jpg]
[ntechglobalsolutions.in/ows/images/industry/electronic.jpg]
[ntechglobalsolutions.in/ows/images/industry/film.jpg]
[ntechglobalsolutions.in/ows/images/industry/fmcg.jpg]
[ntechglobalsolutions.in/ows/images/New_Map.png]
[ntechglobalsolutions.in/ows/images/A.png]
[ntechglobalsolutions.in/ows/index.html]
[ntechglobalsolutions.in/ows/css/style.css]
[maxcdn.bootstrapcdn.com/bootstrap/3.4.1/css/bootstrap.min.css]
[cdnjs.cloudflare.com/ajax/libs/animate.css/3.7.0/animate.min.css]
[cdnjs.cloudflare.com/ajax/libs/font-awesome/4.7.0/css/font-awesome.min.css]
[ntechglobalsolutions.in/ows/index-2.html]
[ntechglobalsolutions.in/ows/about.html]
[ntechglobalsolutions.in/ows/service_1.html]
[ntechglobalsolutions.in/ows/service_2.html]
[ntechglobalsolutions.in/ows/service_3.html]
[ntechglobalsolutions.in/ows/industry.html]
[ntechglobalsolutions.in/ows/coverage.html]
[ntechglobalsolutions.in/ows/contact.html]
[ntechglobalsolutions.in/ows/join_our_panel.html]
[use.fontawesome.com/releases/v5.0.13/js/all.js]
